Last login: Wed Oct  7 20:58:21 on ttys000
beanie@MacBook-Pro-Polina ~ % cd /Users/beanie/Desktop/projects/OS/untitled    
beanie@MacBook-Pro-Polina untitled % gcc maic.c -o ex2
clang: error: no such file or directory: 'maic.c'
clang: error: no input files
beanie@MacBook-Pro-Polina untitled % gcc main.c -o ex2
beanie@MacBook-Pro-Polina untitled % ./ex2 &
[1] 5890
beanie@MacBook-Pro-Polina untitled % vm_stAT 1
Mach Virtual Memory Statistics: (page size of 4096 bytes)
    free   active   specul inactive throttle    wired  prgable   faults     copy    0fill reactive   purged file-backed anonymous cmprssed cmprssor  dcomprs   comprs  pageins  pageout  swapins swapouts
   10281   470562     7463   458791        0   520439    25898  399155K  3408775  127008K 16464136 10924945      287220    649596  3122774   629058 21214370 38953559 54407803   324307  6568310  7565735 
    7519   466168     7497   458147        0   528178    22261     5266        0     3159        0        1      287260    644552  3122395   628978      379        0       11        0        0        0 
    4977   466025     7498   458677        0   530401    20043     3160        0     3115        0        0      287262    644938  3122383   628978       12        0        2        0        0        0 
    4302   467061     5916   460217        0   530180    20141     2619        0     2606       41        2      285680    647514  3122376   628978        7        0        0        0        0        0 
    5397   465789     3793   462521        0   529954    18591     2723        0     2696        0        0      283557    648546  3122364   628978       12        0        0        0        0        0 
[1]  + done       ./ex2
   31178   455939     3816   449747        0   526836    19318      172        3       70        0        1      283580    625922  3122313   629020       51        0        0        0       64        0 
   31234   457862     3834   449862        0   524788    19357       44        0       28        0        0      283606    627952  3122310   629020        3        0       25        0        0        0 
   31389   456170     3834   452156        0   524106    20039       79        0       74        0        0      283606    628554  3122309   629020        1        0        0        0        0        0 
   31221   453165     3847   449572        0   529706    19603      212        0      188        0        0      283619    622965  3122295   629020       14        0        0        0        0        0 
   31232   453630     3852   449534        0   529238    20012      186        0      172        0        0      283624    623392  3122292   629020        3        0        0        0        0        0 
   31063   452472     3857   449477        0   530770    18553     3236        0     3119        0        0      283629    622177  3122252   628972       40        0        0        0        0        0 
   30376   443483     3857   439140        0   550986    12246      928        0     1122        0        0      283629    602851  3122182   628956       70        0        0        0        0        0 
    3697   450586    23411   430384        0   559389     8698    18702     1970     6817        0     1356      303403    600978  3122031   629068      151        0    21112        0      128        0 
    4096   450424    22833   426730        0   563378     8698     1352        3     1164        0        0      302830    597157  3122001   629068       30        0        0        0        0        0 
    3951   418071    20997   397024        0   592461    13675    35836       10    25519    72864     4488      301037    535055  3199816   664296     6461    84339        7       80        0        0 
    4956   416477    20823   395321        0   592362    15040     2359        0     1805      483        0      301056    531565  3204606   666668       96     4972       19        0        0        0 
   13167   412407    20813   391095        0   592364    15040      829        0      623        0        0      301056    523259  3204556   666668       50        0        0        0        0        0 
   15475   421300    20811   394745        0   577843    24476     1538        0     1346        0        0      301056    535800  3204515   666668       35        0        0        0        0        0 
   19706   411356    20812   390228        0   587718    14065     1440        1     1371        0        0      301059    521337  3204378   666668      106        0        0        0        0        0 
   14362   435568    21474   390764        0   567001    29096     5587        1     4805        0        0      301866    545940  3203047   667437     1331        0      620        0      960        0 
   11149   432036    21966   395957        0   567082    29209     4899       12     2320        8        0      302505    547454  3202042   668312     1005        0      315        0     1086        0 
Mach Virtual Memory Statistics: (page size of 4096 bytes)
    free   active   specul inactive throttle    wired  prgable   faults     copy    0fill reactive   purged file-backed anonymous cmprssed cmprssor  dcomprs   comprs  pageins  pageout  swapins swapouts
    7709   423030    18972   403869        0   574572    41193  399275K  3410775  127120K 16537544 10931076      299511    546360  3202588   668440 21224241 39043825 54429914   324408  6570548  7565735 
    8215   423850    14003   407548        0   574638    41859    17941        0    24718        0       18      294549    550852  3202307   668392      260        0       12        0        0        0 
    7917   433087    14009   412389        0   560678    49516      391        1      246        0        0      294571    564914  3202258   668392       52        0       22        0        0        0 
   13499   441105    14009   416181        0   543462    55334     3202        0     2934        0        0      294572    576723  3202206   668392       50        0        1        0        0        0 
   14150   436728    14030   418830        0   544296    54134     1150        0     1086        0        0      294610    574978  3202173   668440       33        0       38        0       64        0 
   12923   436696    14199   420518        0   543959    53463     2209        6     1040        0        0      294800    576613  3201549   668312      612        0      119        0        0        0 
   17667   439087    14130   423943        0   533437    56763     2205        2     1447        0        0      294731    582429  3201533   668312       14        0        0        0        0        0 
   17746   436690    14130   423882        0   535938    54331      169        0       94        0        0      294731    579971  3201500   668280       32        0        0        0        0        0 
   18275   436514    14130   423585        0   535999    54271     1277        0     1256        0        0      294731    579498  3201487   668280       13        0        0        0        0        0 
   18147   436692    14136   423558        0   536000    54255      292        0      197        0        0      294740    579646  3201411   668280       66        0        9        0        0        0 
   17410   440201    14200   425117        0   531384    58354     2014        0     1244        0        2      294804    584714  3201147   668264      264        0        6        0       64        0 
   20711   436562    14212   425079        0   531820    53834     2196        4     1378        0        0      294828    581025  3201114   668328       33        0       24        0       64        0 
   16189   435726    14221   425067        0   537187    51799     2956        8     1887       26        0      294839    580175  3201029   668296       84        0        9        0        0        0 
   16091   436442    14221   426946        0   534711    54270     5764        0     1110        0        1      294839    582770  3200966   668296       63        0        0        0        0        0 
   16041   436512    14245   426905        0   534739    54243     1177        0     1062        0        0      294878    582784  3200916   668296       50        0       13        0        0        0 
   16020   434037    14245   426874        0   537175    51799       40        0       21        0        3      294878    580278  3200906   668296       10        0        0        0        0        0 
   16042   435202    14251   426707        0   536225    52687      210        0       54        0        0      294885    581275  3200814   668248       92        0        4        0        0        0 
    5453   443199    16016   426931        0   536637    53590    20803     1012     5858        0        0      297342    588804  3198461   668445     2318        0     1650        0      896        0 
    4622   437027     5660   430505        0   546166    57512    33612      917    25346    11547      868      287429    585763  3214552   672628     1278    17603     4016       11      377        0 
    5415   436743     5663   430053        0   545522    57630     2678        3     2243       82        0      287436    585023  3215934   673196      154     1536        8        0       64        0 
    4206   436626     5729   430384        0   546393    57619     1732       12     1145        0        0      287520    585219  3215856   673196       78        0       83        0        0        0 
Mach Virtual Memory Statistics: (page size of 4096 bytes)
    free   active   specul inactive throttle    wired  prgable   faults     copy    0fill reactive   purged file-backed anonymous cmprssed cmprssor  dcomprs   comprs  pageins  pageout  swapins swapouts
    6929   436337     5705   429606        0   542949    59797  399381K  3412740  127198K 16549525 10931968      287491    584157  3220558   674988 21229873 39067742 54435928   324426  6572141  7565735 
    4769   438089     6146   430728        0   541935    60691     3227        3     1605        0        0      288225    586738  3219871   674988      684        0      665        0      128        0 
    4503   436615      852   435058        0   543185    60598     9236       10     7336     1174        0      283118    589407  3222476   676603      988     3594      202        7       64        0 
   10450   426323     1275   423928        0   548180    52960    23113      161     4985     5429     8440      283769    567757  3239062   686448    10208    27179      792       16      253        0 
    8704   426718     1298   424440        0   548980    53458     2388        3     1459        0        0      283804    568652  3238442   686479      619        0       12        0      255        0 
    7642   426943     1298   424599        0   549827    53416     3109        0     2494        0        0      283804    569036  3238027   686320      414        0        0        0        0        0 
    5682   427381     1415   424922        0   550826    52616     2618        1     1862        0        0      283959    569759  3237626   686240      401        0       44        0       64        0 
    4608   427822     1427   425077        0   551463    51684     2128        0     1686        0        0      283972    570354  3237311   686256      274        0        3        0      128        0 
    4334   431571     1453   429828        0   543408    58376     7966      194     5132        0     1538      284011    578841  3237141   686208      170        0       29        0        0        0 
    4151   421950     1642   429797        0   553346    46790     3947        0     2202        1     1536      284211    569178  3236010   685790     1121        0       26        0        0        0 
    4036   422482     1647   429785        0   552857    47233      796        0      722        0        0      284211    569703  3235955   685758       55        0        0        0        0        0 

